---
source: crates/protocols/src/gemini.rs
expression: ir
---
IrRequest {
    model: "models/gemini-2.0-flash",
    system: None,
    messages: [
        Message {
            role: User,
            content: [
                Text {
                    text: "Hello",
                },
            ],
        },
    ],
    tools: [],
    params: GenerationParams {
        max_tokens: None,
        temperature: None,
        top_p: None,
        top_k: None,
        stop: [],
        frequency_penalty: None,
        presence_penalty: None,
        seed: None,
    },
    response_format: None,
    stream: false,
    ingress_protocol: ProtocolEndpoint {
        suite: GoogleGemini,
        name: "generateContent",
        version: "v1beta",
    },
    extensions: {},
}
